
> my-v0-project@0.1.0 build
> next build

node.exe :  ΓÜá Warning: Next.js 
inferred your workspace root, but it 
may not be correct.
At C:\Program Files\nodejs\npm.ps1:29 
char:3
+   & $NODE_EXE $NPM_CLI_JS $args
+   ~~~~~~~~~~~~~~~~~~~~~~~~~~~~~
    + CategoryInfo          : NotSpeci 
   fied: ( ΓÜá Warning: N...not be co  
  rrect.:String) [], RemoteException
    + FullyQualifiedErrorId : NativeCo 
   mmandError
 
 We detected multiple lockfiles and 
selected the directory of 
D:\MY_PORTFOLIO\pnpm-lock.yaml as the 
root directory.
 To silence this warning, set 
`turbopack.root` in your Next.js 
config, or consider removing one of 
the lockfiles if it's not needed.
   See https://nextjs.org/docs/app/api-
reference/config/next-config-js/turbopa
ck#root-directory for more information.
 Detected additional lockfiles: 
   * D:\MY_PORTFOLIO\e-commerce\pnpm-lo
ck.yaml

   Γû▓ Next.js 16.0.10 (Turbopack)

   Creating an optimized production build ...

> Build error occurred
Error: Turbopack build failed with 1 
errors:
./e-commerce/app/track-order/page.tsx:1
83:8
Next.js can't recognize the exported 
`generateStaticParams` field in route. 
App pages cannot use both "use client" 
and export function 
"generateStaticParams()".
[0m [90m 181 |[39m }
 [90m 182 |[39m
[31m[1m>[22m[39m[90m 183 |[39m 
[36mexport[39m [36mfunction[39m 
generateStaticParams() {
 [90m     |[39m        [31m[1m^[22
m[39m[31m[1m^[22m[39m[31m[1m^[2
2m[39m[31m[1m^[22m[39m[31m[1m^[
22m[39m[31m[1m^[22m[39m[31m[1m^
[22m[39m[31m[1m^[22m[39m[31m[1m^
[22m[39m[31m[1m^[22m[39m[31m[1m
^[22m[39m[31m[1m^[22m[39m[31m[1
m^[22m[39m[31m[1m^[22m[39m[31m[
1m^[22m[39m[31m[1m^[22m[39m[31m
[1m^[22m[39m[31m[1m^[22m[39m[31m
[1m^[22m[39m[31m[1m^[22m[39m[31
m[1m^[22m[39m[31m[1m^[22m[39m[3
1m[1m^[22m[39m[31m[1m^[22m[39m[
31m[1m^[22m[39m[31m[1m^[22m[39m
[31m[1m^[22m[39m[31m[1m^[22m[39m
[31m[1m^[22m[39m[31m[1m^[22m[39
m[31m[1m^[22m[39m[31m[1m^[22m[3
9m[31m[1m^[22m[39m
[31m[1m>[22m[39m[90m 184 |[39m   
[36mreturn[39m [{ orderId[33m:[39m 
[32m'ORD001'[39m }[33m,[39m { 
orderId[33m:[39m [32m'ORD002'[39m 
}][33m;[39m
 [90m     |[39m [31m[1m^[22m[39m
[31m[1m^[22m[39m[31m[1m^[22m[39m
[31m[1m^[22m[39m[31m[1m^[22m[39
m[31m[1m^[22m[39m[31m[1m^[22m[3
9m[31m[1m^[22m[39m[31m[1m^[22m[
39m[31m[1m^[22m[39m[31m[1m^[22m
[39m[31m[1m^[22m[39m[31m[1m^[22m
[39m[31m[1m^[22m[39m[31m[1m^[22
m[39m[31m[1m^[22m[39m[31m[1m^[2
2m[39m[31m[1m^[22m[39m[31m[1m^[
22m[39m[31m[1m^[22m[39m[31m[1m^
[22m[39m[31m[1m^[22m[39m[31m[1m^
[22m[39m[31m[1m^[22m[39m[31m[1m
^[22m[39m[31m[1m^[22m[39m[31m[1
m^[22m[39m[31m[1m^[22m[39m[31m[
1m^[22m[39m[31m[1m^[22m[39m[31m
[1m^[22m[39m[31m[1m^[22m[39m[31m
[1m^[22m[39m[31m[1m^[22m[39m[31
m[1m^[22m[39m[31m[1m^[22m[39m[3
1m[1m^[22m[39m[31m[1m^[22m[39m[
31m[1m^[22m[39m[31m[1m^[22m[39m
[31m[1m^[22m[39m[31m[1m^[22m[39m
[31m[1m^[22m[39m[31m[1m^[22m[39
m[31m[1m^[22m[39m[31m[1m^[22m[3
9m[31m[1m^[22m[39m[31m[1m^[22m[
39m[31m[1m^[22m[39m[31m[1m^[22m
[39m[31m[1m^[22m[39m[31m[1m^[22m
[39m[31m[1m^[22m[39m[31m[1m^[22
m[39m[31m[1m^[22m[39m[31m[1m^[2
2m[39m
[31m[1m>[22m[39m[90m 185 |[39m }
 [90m     |[39m [31m[1m^[22m[39m
[31m[1m^[22m[39m
 [90m 186 |[39m[0m

The exported configuration object in a 
source file needs to have a very 
specific format from which some 
properties can be statically parsed at 
compiled-time.

Import traces:
  Client Component Browser:
    
./e-commerce/app/track-order/page.tsx 
[Client Component Browser]
    
./e-commerce/app/track-order/page.tsx 
[Server Component]

  Client Component SSR:
    
./e-commerce/app/track-order/page.tsx 
[Client Component SSR]
    
./e-commerce/app/track-order/page.tsx 
[Server Component]

https://nextjs.org/docs/app/api-referen
ce/file-conventions/route-segment-confi
g


    at <unknown> (./e-commerce/app/trac
k-order/page.tsx:183:8)
    at <unknown> (https://nextjs.org/do
cs/app/api-reference/file-conventions/r
oute-segment-config)
